// Jest Snapshot v1, https://goo.gl/fbAQLP

exports[`app-version creates a gauge named info 1`] = `
[
  {
    "help": "One App version info",
    "labelNames": [
      "version",
      "major",
      "minor",
      "patch",
      "prerelease",
      "build",
    ],
    "name": "oneapp_version_info",
  },
]
`;

exports[`app-version exports the metric names 1`] = `
{
  "info": "oneapp_version_info",
}
`;
