// Jest Snapshot v1, https://goo.gl/fbAQLP

exports[`holocron creates a counter named module_map_poll 1`] = `
Array [
  Object {
    "help": "total times the module map has been polled",
    "name": "oneapp_holocron_module_map_poll_total",
  },
]
`;

exports[`holocron creates a gauge named module_map_poll_consecutive_errors 1`] = `
Array [
  Object {
    "help": "how many times has the server encountered errors polling the module map",
    "name": "oneapp_holocron_module_map_poll_consecutive_errors_total",
  },
]
`;

exports[`holocron creates a gauge named module_map_poll_wait 1`] = `
Array [
  Object {
    "help": "delay until the next poll of the module map",
    "name": "oneapp_holocron_module_map_poll_wait_seconds",
  },
]
`;

exports[`holocron exports the metric names 1`] = `
Object {
  "default": Object {
    "moduleMapPoll": "oneapp_holocron_module_map_poll_total",
    "moduleMapPollConsecutiveErrors": "oneapp_holocron_module_map_poll_consecutive_errors_total",
    "moduleMapPollRestarted": "oneapp_holocron_module_map_poll_restarted_total",
    "moduleMapPollWait": "oneapp_holocron_module_map_poll_wait_seconds",
    "moduleMapUpdated": "oneapp_holocron_module_map_updated_total",
  },
}
`;
