// Jest Snapshot v1, https://goo.gl/fbAQLP

exports[`batchModulesToUpdate should batch modules in tens when there is no root module 1`] = `"[["module-0","module-1","module-2","module-3","module-4","module-5","module-6","module-7","module-8","module-9"],["module-10","module-11","module-12","module-13","module-14","module-15","module-16","module-17","module-18","module-19"],["module-20","module-21","module-22","module-23","module-24","module-25","module-26","module-27","module-28","module-29"],["module-30","module-31","module-32","module-33","module-34","module-35","module-36","module-37","module-38","module-39"],["module-40","module-41","module-42","module-43","module-44","module-45","module-46","module-47","module-48","module-49"],["module-50","module-51","module-52","module-53","module-54","module-55","module-56","module-57","module-58","module-59"],["module-60","module-61","module-62","module-63","module-64"]]"`;

exports[`batchModulesToUpdate should batch the rest of the modules in tens 1`] = `"[["my-root"],["module-0","module-1","module-2","module-3","module-4","module-5","module-6","module-7","module-8","module-9"],["module-10","module-11","module-12","module-13","module-14","module-15","module-16","module-17","module-18","module-19"],["module-20","module-21","module-22","module-23","module-24","module-25","module-26","module-27","module-28","module-29"],["module-30","module-31","module-32","module-33","module-34","module-35","module-36","module-37","module-38","module-39"],["module-40","module-41","module-42","module-43","module-44","module-45","module-46","module-47","module-48","module-49"],["module-50","module-51","module-52","module-53","module-54","module-55","module-56","module-57","module-58","module-59"],["module-60","module-61","module-62","module-63","module-64"]]"`;
