// Jest Snapshot v1, https://goo.gl/fbAQLP

exports[`getModulesToUpdate throws when the root module does not exists 1`] = `"Unable to find root module "test-root" in your module map. Make sure to provide One App with a root module that exists in your module map."`;
