// Jest Snapshot v1, https://goo.gl/fbAQLP

exports[`requestLogging onReady logging outgoing requests is level info 1`] = `
[
  {
    "request": {
      "address": {
        "uri": "https://example.com/place",
      },
      "direction": "out",
      "metaData": {
        "correlationId": "123",
        "method": "GET",
      },
      "protocol": "https",
      "statusCode": 200,
      "statusText": "OK",
      "timings": {
        "duration": 0.001,
      },
    },
  },
]
`;
