// Jest Snapshot v1, https://goo.gl/fbAQLP

exports[`createRequestHtmlFragment should preload data for matched route components 1`] = `
[
  {
    "name": "root",
    "props": {
      "location": Url {
        "auth": null,
        "hash": null,
        "host": "example.com",
        "hostname": "example.com",
        "href": "http://example.com/request",
        "path": "/request",
        "pathname": "/request",
        "port": null,
        "protocol": "http:",
        "query": null,
        "search": null,
        "slashes": true,
      },
      "params": {
        "hi": "there?",
      },
      "route": {
        "moduleName": "root",
        "path": "/",
      },
      "router": {
        "createHref": [Function],
        "createKey": [Function],
        "createLocation": [Function],
        "createPath": [Function],
        "getCurrentLocation": [Function],
        "go": [Function],
        "goBack": [Function],
        "goForward": [Function],
        "listen": [Function],
        "listenBefore": [Function],
        "push": [Function],
        "replace": [Function],
        "transitionTo": [Function],
      },
      "routes": [
        {
          "moduleName": "root",
          "path": "/",
        },
      ],
    },
  },
]
`;
